[Licensing::Module] Trying to connect to existing licensing client channel...
Built from '6000.3/staging' branch; Version is '6000.3.9f1 (7a9955a4f2fa) revision 8034645'; Using compiler version '194234433'; Build Type 'Release'
OS: 'Windows 11  (10.0.26200) CoreSingleLanguage' Language: 'en' Physical Memory: 5877 MB
[Licensing::IpcConnector] Successfully connected to: "LicenseClient-mp2dz" at "2026-05-24T22:34:09.0534579Z"
BatchMode: 1, IsHumanControllingUs: 0, StartBugReporterOnCrash: 0, Is64bit: 1
System  architecture: x64
Process architecture: x64
Date: 2026-05-24T22:34:09Z

COMMAND LINE ARGUMENTS:
C:\Program Files\Unity\Hub\Editor\6000.3.9f1\Editor\Unity.exe
-batchmode
-quit
-projectPath
C:/Users/mp2dz/Olivia
-executeMethod
Level7AutoclaveBlenderInstaller.InstallFromMenu
-logFile
C:/Users/mp2dz/Olivia/Assets/Level7AutoclaveInstall.log
Successfully changed project path to: C:/Users/mp2dz/Olivia
C:/Users/mp2dz/Olivia
Exiting without the bug reporter. Application will terminate with return code 1